[denoising-sanity] model=restormer image=test001.png pose=upright group_expand=False
[denoising-sanity] model=restormer image=test001.png pose=rot30_padded group_expand=False
[denoising-sanity] model=restormer image=test001.png pose=rot45_padded group_expand=False
[denoising-sanity] model=restormer image=test001.png pose=rot60_padded group_expand=False
[denoising-sanity] model=restormer image=test002.png pose=upright group_expand=False
[denoising-sanity] model=restormer image=test002.png pose=rot30_padded group_expand=False
[denoising-sanity] model=restormer image=test002.png pose=rot45_padded group_expand=False
[denoising-sanity] model=restormer image=test002.png pose=rot60_padded group_expand=False
[denoising-sanity] model=restormer image=test003.png pose=upright group_expand=False
[denoising-sanity] model=restormer image=test003.png pose=rot30_padded group_expand=False
[denoising-sanity] model=restormer image=test003.png pose=rot45_padded group_expand=False
[denoising-sanity] model=restormer image=test003.png pose=rot60_padded group_expand=False
[denoising-sanity] model=restormer image=test004.png pose=upright group_expand=False
[denoising-sanity] model=restormer image=test004.png pose=rot30_padded group_expand=False
[denoising-sanity] model=restormer image=test004.png pose=rot45_padded group_expand=False
[denoising-sanity] model=restormer image=test004.png pose=rot60_padded group_expand=False
[denoising-sanity] model=restormer image=test005.png pose=upright group_expand=False
[denoising-sanity] model=restormer image=test005.png pose=rot30_padded group_expand=False
[denoising-sanity] model=restormer image=test005.png pose=rot45_padded group_expand=False
[denoising-sanity] model=restormer image=test005.png pose=rot60_padded group_expand=False
[denoising-sanity] model=restormer image=test006.png pose=upright group_expand=False
[denoising-sanity] model=restormer image=test006.png pose=rot30_padded group_expand=False
[denoising-sanity] model=restormer image=test006.png pose=rot45_padded group_expand=False
[denoising-sanity] model=restormer image=test006.png pose=rot60_padded group_expand=False
[denoising-sanity] model=restormer image=test007.png pose=upright group_expand=False
[denoising-sanity] model=restormer image=test007.png pose=rot30_padded group_expand=False
[denoising-sanity] model=restormer image=test007.png pose=rot45_padded group_expand=False
[denoising-sanity] model=restormer image=test007.png pose=rot60_padded group_expand=False
[denoising-sanity] model=restormer image=test008.png pose=upright group_expand=False
[denoising-sanity] model=restormer image=test008.png pose=rot30_padded group_expand=False
[denoising-sanity] model=restormer image=test008.png pose=rot45_padded group_expand=False
[denoising-sanity] model=restormer image=test008.png pose=rot60_padded group_expand=False
[denoising-sanity] model=restormer image=test009.png pose=upright group_expand=False
[denoising-sanity] model=restormer image=test009.png pose=rot30_padded group_expand=False
[denoising-sanity] model=restormer image=test009.png pose=rot45_padded group_expand=False
[denoising-sanity] model=restormer image=test009.png pose=rot60_padded group_expand=False
[denoising-sanity] model=restormer image=test010.png pose=upright group_expand=False
[denoising-sanity] model=restormer image=test010.png pose=rot30_padded group_expand=False
[denoising-sanity] model=restormer image=test010.png pose=rot45_padded group_expand=False
[denoising-sanity] model=restormer image=test010.png pose=rot60_padded group_expand=False
[denoising-sanity] model=restormer-aug image=test001.png pose=upright group_expand=False
[denoising-sanity] model=restormer-aug image=test001.png pose=rot30_padded group_expand=False
[denoising-sanity] model=restormer-aug image=test001.png pose=rot45_padded group_expand=False
[denoising-sanity] model=restormer-aug image=test001.png pose=rot60_padded group_expand=False
[denoising-sanity] model=restormer-aug image=test002.png pose=upright group_expand=False
[denoising-sanity] model=restormer-aug image=test002.png pose=rot30_padded group_expand=False
[denoising-sanity] model=restormer-aug image=test002.png pose=rot45_padded group_expand=False
[denoising-sanity] model=restormer-aug image=test002.png pose=rot60_padded group_expand=False
[denoising-sanity] model=restormer-aug image=test003.png pose=upright group_expand=False
[denoising-sanity] model=restormer-aug image=test003.png pose=rot30_padded group_expand=False
[denoising-sanity] model=restormer-aug image=test003.png pose=rot45_padded group_expand=False
[denoising-sanity] model=restormer-aug image=test003.png pose=rot60_padded group_expand=False
[denoising-sanity] model=restormer-aug image=test004.png pose=upright group_expand=False
[denoising-sanity] model=restormer-aug image=test004.png pose=rot30_padded group_expand=False
[denoising-sanity] model=restormer-aug image=test004.png pose=rot45_padded group_expand=False
[denoising-sanity] model=restormer-aug image=test004.png pose=rot60_padded group_expand=False
[denoising-sanity] model=restormer-aug image=test005.png pose=upright group_expand=False
[denoising-sanity] model=restormer-aug image=test005.png pose=rot30_padded group_expand=False
[denoising-sanity] model=restormer-aug image=test005.png pose=rot45_padded group_expand=False
[denoising-sanity] model=restormer-aug image=test005.png pose=rot60_padded group_expand=False
[denoising-sanity] model=restormer-aug image=test006.png pose=upright group_expand=False
[denoising-sanity] model=restormer-aug image=test006.png pose=rot30_padded group_expand=False
[denoising-sanity] model=restormer-aug image=test006.png pose=rot45_padded group_expand=False
[denoising-sanity] model=restormer-aug image=test006.png pose=rot60_padded group_expand=False
[denoising-sanity] model=restormer-aug image=test007.png pose=upright group_expand=False
[denoising-sanity] model=restormer-aug image=test007.png pose=rot30_padded group_expand=False
[denoising-sanity] model=restormer-aug image=test007.png pose=rot45_padded group_expand=False
[denoising-sanity] model=restormer-aug image=test007.png pose=rot60_padded group_expand=False
[denoising-sanity] model=restormer-aug image=test008.png pose=upright group_expand=False
[denoising-sanity] model=restormer-aug image=test008.png pose=rot30_padded group_expand=False
[denoising-sanity] model=restormer-aug image=test008.png pose=rot45_padded group_expand=False
[denoising-sanity] model=restormer-aug image=test008.png pose=rot60_padded group_expand=False
[denoising-sanity] model=restormer-aug image=test009.png pose=upright group_expand=False
[denoising-sanity] model=restormer-aug image=test009.png pose=rot30_padded group_expand=False
[denoising-sanity] model=restormer-aug image=test009.png pose=rot45_padded group_expand=False
[denoising-sanity] model=restormer-aug image=test009.png pose=rot60_padded group_expand=False
[denoising-sanity] model=restormer-aug image=test010.png pose=upright group_expand=False
[denoising-sanity] model=restormer-aug image=test010.png pose=rot30_padded group_expand=False
[denoising-sanity] model=restormer-aug image=test010.png pose=rot45_padded group_expand=False
[denoising-sanity] model=restormer-aug image=test010.png pose=rot60_padded group_expand=False
wrote results/denoising_circle_sanity/noexpand_policy/denoising_circle_sanity_summary.csv
